START 1 luna-low lookup-tool
END luna-low lookup-tool completed correct=true 4761ms
START 2 luna-medium lookup-tool
END luna-medium lookup-tool completed correct=true 3402ms
START 3 luna-max lookup-tool
END luna-max lookup-tool completed correct=true 5647ms
START 4 flash-low lookup-tool
END flash-low lookup-tool error correct=false 460ms
START 5 luna-medium concurrency-review
END luna-medium concurrency-review completed correct=false 5871ms
START 6 luna-max concurrency-review
END luna-max concurrency-review completed correct=false 7698ms
START 7 luna-low concurrency-review
END luna-low concurrency-review completed correct=false 1220ms
START 8 luna-max source-synthesis
END luna-max source-synthesis completed correct=true 5634ms
START 9 luna-low source-synthesis
END luna-low source-synthesis completed correct=true 5875ms
START 10 luna-medium source-synthesis
END luna-medium source-synthesis completed correct=true 4186ms
Saved 10 completions to /Users/rubensilvarodriguez/dev/contrib/dotfiles/.ai/audits/2026-09-06-pi-harness/benchmark-results.json
